
Design Space Explorer Report
-------------------------------------------------------------------------------

+------------------------------------------------------------------------+
| Report Information                                                     |
+------------------------------------------------------------------------+
+--------------------+----------------------------------------------------+
| Start Date & Time  | Sat Sep 23 13:21:46 CEST 2017                      |
| Working Directory  | D:/projects/vhdl/rustLightProject/quartus-two      |
| Project Name       | rustLight                                          |
| Revision Name      | rustLight                                          |
| Quartus II Version | Version 13.1.0 Build 162 10/23/2013 SJ Web Edition |
+--------------------+----------------------------------------------------+

Table of Contents
    Report Information
    Legal Notice
    Flow Messages
    Flow Summary

+-----------------------------------------------------------------------------+
| Legal Notice                                                                |
+-----------------------------------------------------------------------------+
Copyright (C) 1991-2013 Altera Corporation. All rights reserved.
Any  megafunction  design,  and related netlist (encrypted  or  decrypted),
support information,  device programming or simulation file,  and any other
associated  documentation or information  provided by  Altera  or a partner
under  Altera's   Megafunction   Partnership   Program  may  be  used  only
to program  PLD  devices (but not masked  PLD  devices) from  Altera.   Any
other  use  of such  megafunction  design,  netlist,  support  information,
device programming or simulation file,  or any other  related documentation
or information  is prohibited  for  any  other purpose,  including, but not
limited to  modification,  reverse engineering,  de-compiling, or use  with
any other  silicon devices,  unless such use is  explicitly  licensed under
a separate agreement with  Altera  or a megafunction partner.  Title to the
intellectual property,  including patents,  copyrights,  trademarks,  trade
secrets,  or maskworks,  embodied in any such megafunction design, netlist,
support  information,  device programming or simulation file,  or any other
related documentation or information provided by  Altera  or a megafunction
partner, remains with Altera, the megafunction partner, or their respective
licensors. No other licenses, including any licenses needed under any third
party's intellectual property, are provided herein.

+-----------------------------------------------------------------------------+
| Flow Messages                                                               |
+-----------------------------------------------------------------------------+

Info: Loading space: Selective Performance Optimization Space
Info: Loading space: Seeds
Info: Design space contains 10 points

+-----------------------------------------------------------------------------+
| Settings for base                                                           |
+-----------------------------------------------------------------------------+
+----------------------------------------------+----------+
| Setting                                      | Value    |
+----------------------------------------------+----------+
| ROUTER_LCELL_INSERTION_AND_LOGIC_DUPLICATION | AUTO     |
| PHYSICAL_SYNTHESIS_REGISTER_RETIMING         | OFF      |
| PLACEMENT_EFFORT_MULTIPLIER                  | 1.0      |
| ROUTER_TIMING_OPTIMIZATION_LEVEL             | NORMAL   |
| PHYSICAL_SYNTHESIS_REGISTER_DUPLICATION      | OFF      |
| SEED                                         | 1        |
| PHYSICAL_SYNTHESIS_COMBO_LOGIC               | OFF      |
| PRE_MAPPING_RESYNTHESIS                      | OFF      |
| ENABLE_BENEFICIAL_SKEW_OPTIMIZATION          | ON       |
| PHYSICAL_SYNTHESIS_EFFORT                    | NORMAL   |
| FITTER_EFFORT                                | AUTO FIT |
+----------------------------------------------+----------+


+-------------------------------------------------------------------------------+
| QSF Setting                                                                   |
+-------------------------------------------------------------------------------+
| set_global_assignment -name ROUTER_LCELL_INSERTION_AND_LOGIC_DUPLICATION AUTO |
| set_global_assignment -name PHYSICAL_SYNTHESIS_REGISTER_RETIMING OFF          |
| set_global_assignment -name PLACEMENT_EFFORT_MULTIPLIER 1.0                   |
| set_global_assignment -name ROUTER_TIMING_OPTIMIZATION_LEVEL NORMAL           |
| set_global_assignment -name PHYSICAL_SYNTHESIS_REGISTER_DUPLICATION OFF       |
| set_global_assignment -name SEED 1                                            |
| set_global_assignment -name PHYSICAL_SYNTHESIS_COMBO_LOGIC OFF                |
| set_global_assignment -name PRE_MAPPING_RESYNTHESIS OFF                       |
| set_global_assignment -name ENABLE_BENEFICIAL_SKEW_OPTIMIZATION ON            |
| set_global_assignment -name PHYSICAL_SYNTHESIS_EFFORT NORMAL                  |
| set_global assignment -name FITTER_EFFORT "AUTO FIT"                          |
+-------------------------------------------------------------------------------+

Info: Compiling revision rustLight
Info: Halting exploration
Info: Halting exploration
Warning: No results from base compilation were recorded

+-----------------------------------------------------------------------------+
| Results for base                                                            |
+-----------------------------------------------------------------------------+
+--+--+
+--+--+


+-----------------------------------------------------------------------------+
| Detailed Cumulative Results                                                 |
+-----------------------------------------------------------------------------+
+-------+
| Point |
+-------+
| base  |
+-------+

Info: Restoring base settings at end of flow

+-----------------------------------------------------------------------------+
| Flow Summary                                                                |
+-----------------------------------------------------------------------------+

+-----------------------------------------------------------------------------+
| Detailed Results                                                            |
+-----------------------------------------------------------------------------+
+-------+
| Point |
+-------+
| base  |
+-------+


+-----------------------------------------------------------------------------+
| Results for Base                                                            |
+-----------------------------------------------------------------------------+
+--+--+
+--+--+

Info: Best results were your base results
Warning: No base results available -- skipping signature table printing

+-----------------------------------------------------------------------------+
| Circuit Signature Compile Groups                                            |
+-----------------------------------------------------------------------------+
+------------+---------------+----------------+
| Group Name | Group Members | Group Settings |
+------------+---------------+----------------+

Info: Exploration has finished. 0 errors, 2 warnings
Info: Exploration ended: Sat Sep 23 13:22:51 CEST 2017
Info: Elapsed time: 00:01:04
